
> plate@ test /app
> bun tooling/scripts/test-fast.mjs

bun test v1.3.9 (cf6cdbbb)

 3260 pass
 0 fail
 15 snapshots, 6076 expect() calls
Ran 3260 tests across 637 files. [38.55s]
bun test v1.3.9 (cf6cdbbb)

 1 pass
 0 fail
 2 expect() calls
Ran 1 test across 1 file. [945.00ms]
bun test v1.3.9 (cf6cdbbb)

 2 pass
 0 fail
 2 expect() calls
Ran 2 tests across 1 file. [974.00ms]
bun test v1.3.9 (cf6cdbbb)

 3 pass
 0 fail
 3 expect() calls
Ran 3 tests across 1 file. [1096.00ms]
bun test v1.3.9 (cf6cdbbb)

 1 pass
 0 fail
 1 expect() calls
Ran 1 test across 1 file. [1020.00ms]
bun test v1.3.9 (cf6cdbbb)

 1 pass
 0 fail
 1 expect() calls
Ran 1 test across 1 file. [984.00ms]
bun test v1.3.9 (cf6cdbbb)

 3 pass
 0 fail
 8 expect() calls
Ran 3 tests across 1 file. [885.00ms]
bun test v1.3.9 (cf6cdbbb)

 1 pass
 0 fail
 3 expect() calls
Ran 1 test across 1 file. [882.00ms]
bun test v1.3.9 (cf6cdbbb)

 4 pass
 0 fail
 7 expect() calls
Ran 4 tests across 1 file. [858.00ms]
bun test v1.3.9 (cf6cdbbb)

 8 pass
 0 fail
 22 expect() calls
Ran 8 tests across 1 file. [786.00ms]
bun test v1.3.9 (cf6cdbbb)

 2 pass
 0 fail
 6 expect() calls
Ran 2 tests across 1 file. [1081.00ms]
bun test v1.3.9 (cf6cdbbb)

 18 pass
 0 fail
 24 expect() calls
Ran 18 tests across 1 file. [1210.00ms]
bun test v1.3.9 (cf6cdbbb)

 1 pass
 0 fail
 3 expect() calls
Ran 1 test across 1 file. [682.00ms]
bun test v1.3.9 (cf6cdbbb)

 1 pass
 0 fail
 6 expect() calls
Ran 1 test across 1 file. [967.00ms]
bun test v1.3.9 (cf6cdbbb)

 1 pass
 0 fail
 3 expect() calls
Ran 1 test across 1 file. [744.00ms]
bun test v1.3.9 (cf6cdbbb)

 1 pass
 0 fail
 4 expect() calls
Ran 1 test across 1 file. [759.00ms]
bun test v1.3.9 (cf6cdbbb)

 1 pass
 0 fail
 5 expect() calls
Ran 1 test across 1 file. [855.00ms]
bun test v1.3.9 (cf6cdbbb)

 1 pass
 0 fail
 3 expect() calls
Ran 1 test across 1 file. [725.00ms]
bun test v1.3.9 (cf6cdbbb)

 1 pass
 0 fail
 5 expect() calls
Ran 1 test across 1 file. [788.00ms]
bun test v1.3.9 (cf6cdbbb)

 1 pass
 0 fail
 2 expect() calls
Ran 1 test across 1 file. [857.00ms]
bun test v1.3.9 (cf6cdbbb)

 3 pass
 0 fail
 11 expect() calls
Ran 3 tests across 1 file. [1142.00ms]
bun test v1.3.9 (cf6cdbbb)

 2 pass
 0 fail
 3 expect() calls
Ran 2 tests across 1 file. [1021.00ms]
bun test v1.3.9 (cf6cdbbb)

 3 pass
 0 fail
 5 expect() calls
Ran 3 tests across 1 file. [772.00ms]
bun test v1.3.9 (cf6cdbbb)

 1 pass
 0 fail
 4 expect() calls
Ran 1 test across 1 file. [1140.00ms]
bun test v1.3.9 (cf6cdbbb)

 1 pass
 0 fail
 5 expect() calls
Ran 1 test across 1 file. [1121.00ms]
bun test v1.3.9 (cf6cdbbb)

 6 pass
 0 fail
 7 expect() calls
Ran 6 tests across 1 file. [1080.00ms]
bun test v1.3.9 (cf6cdbbb)

 2 pass
 0 fail
 4 expect() calls
Ran 2 tests across 1 file. [1053.00ms]
bun test v1.3.9 (cf6cdbbb)

 2 pass
 0 fail
 5 expect() calls
Ran 2 tests across 1 file. [852.00ms]
bun test v1.3.9 (cf6cdbbb)

 2 pass
 0 fail
 9 expect() calls
Ran 2 tests across 1 file. [1.73s]
bun test v1.3.9 (cf6cdbbb)

 3 pass
 0 fail
 8 expect() calls
Ran 3 tests across 1 file. [2.52s]
bun test v1.3.9 (cf6cdbbb)

 1 pass
 0 fail
 1 expect() calls
Ran 1 test across 1 file. [6.73s]
bun test v1.3.9 (cf6cdbbb)

 1 pass
 0 fail
 3 expect() calls
Ran 1 test across 1 file. [33.94s]
bun test v1.3.9 (cf6cdbbb)

 1 pass
 0 fail
 2 expect() calls
Ran 1 test across 1 file. [3.06s]
bun test v1.3.9 (cf6cdbbb)

 1 pass
 0 fail
 1 expect() calls
Ran 1 test across 1 file. [2.66s]
bun test v1.3.9 (cf6cdbbb)

 1 pass
 0 fail
 3 expect() calls
Ran 1 test across 1 file. [3.04s]
bun test v1.3.9 (cf6cdbbb)

 1 pass
 0 fail
 3 expect() calls
Ran 1 test across 1 file. [3.32s]
bun test v1.3.9 (cf6cdbbb)

packages/toggle/src/react/hooks/toggleHooks.spec.tsx:

# Unhandled error between tests
-------------------------------
error: Cannot find module '@platejs/utils/react' from '/app/packages/plate/src/react/index.tsx'
-------------------------------


 0 pass
 1 fail
 1 error
Ran 1 test across 1 file. [687.00ms]
bun test v1.3.9 (cf6cdbbb)

 2 pass
 0 fail
 4 expect() calls
Ran 2 tests across 1 file. [768.00ms]
bun test v1.3.9 (cf6cdbbb)

 5 pass
 0 fail
 11 expect() calls
Ran 5 tests across 1 file. [676.00ms]
bun test v1.3.9 (cf6cdbbb)

 2 pass
 0 fail
 3 expect() calls
Ran 2 tests across 1 file. [694.00ms]
bun test v1.3.9 (cf6cdbbb)

 5 pass
 0 fail
 31 expect() calls
Ran 5 tests across 1 file. [736.00ms]
bun test v1.3.9 (cf6cdbbb)

 5 pass
 0 fail
 33 expect() calls
Ran 5 tests across 1 file. [716.00ms]
 ELIFECYCLE  Test failed. See above for more details.
